// ── AI ──────────────────────────────────────

ai.com
ai.studio
aistudio.google.com
anthropic.com
anthropic.qualtrics.com
antigravity-unleash.goog
antigravity.google
browser-intake-datadoghq.com
charhub.io
chat.com
chatgpt.com
chatgpt.livekit.cloud
chatgpt.site
clau.de
claude.ai
claude.com
claudemcpclient.com
claudemcpcontent.com
claudeusercontent.com
coderabbit.ai
copilot.microsoft.com
cortana.ai
crixet.com
cursor.com
deepmind.com
deepmind.google
flow.google
grok.x.com
host.livekit.cloud
imigo.ai
lenso.ai
makersuite.google.com
meta.ai
oaistatic.com
oaistatsig.com
oaiusercontent.com
openai.com
openai.qualtrics.com
openaiassets.blob.core.windows.net
openaicom-api-bdcpf8c6d2e9atf6.z01.azurefd.net
openaicom.imgix.net
openaicomproductionae4b.blob.core.windows.net
opencode.ai
perplexity.ai
perplexity.com
ppl-ai-file-upload.s3.amazonaws.com
pplx-res.cloudinary.com
pplx.ai
servd-anthropic-website.b-cdn.net
sora.com
turn.livekit.cloud
x.ai

// ── Microsoft / Xbox ────────────────────────

aka.ms
azure.com
azureedge.net
b.cdnst.net
b2clogin.com
bing.com
bing.net
cdn.office.net
designer.microsoft.com
dynamics.com
enterpriseregistration.windows.net
hotmail.com
live.com
livefilestore.com
login.windows.net
microsoft.com
microsoft.io
microsoft.net
microsoft365.com
microsoftazuread-sso.com
microsoftdynamics.com
microsoftonline-p.com
microsoftonline.com
microsoftpersonalcontent.com
microsoftstore.com
msecnd.net
msftconnecttest.com
msftncsi.com
msn.com
msocdn.com
nuget.org
office.com
onedrive.com
onenote.com
outlook.com
outlook.office365.com
powerapps.com
powerbi.com
powershellgallery.com
renovacionxboxlive.com
s-microsoft.com
sfbassets.com
sfx.ms
sharepoint.com
sharepointonline.com
sts.windows.net
svc.ms
sysinternals.com
visualstudio.com
vsassets.io
vscode-cdn.net
vscode-unpkg.net
vscode.dev
vscodecdn.net
vscodespaces.com
windows.com
windowsupdate.com
xbox.co
xbox.com
xbox.eu
xbox.org
xbox360.co
xbox360.com
xbox360.eu
xbox360.org
xboxab.com
xboxgamestudios.com
xboxlive.cn
xboxlive.com
xboxone.co
xboxone.com
xboxone.eu
xboxplayanywhere.com
xboxservices.com
xboxstudios.com
xsts.auth.xboxlive.com

// ── Google ──────────────────────────────────

ai.google.dev
aicode.googleapis.com
aida.googleapis.com
aisandbox-pa.googleapis.com
ampproject.org
blogger.com
blogspot.com
cloudaicompanion.googleapis.com
cloudcode-pa.googleapis.com
daily-cloudcode-pa.googleapis.com
geller-pa.googleapis.com
generativeai.google
generativelanguage.googleapis.com
googleblog.com
jules.google
jules.google.com
labs.google
labs.google.com
notebooklm-pa.googleapis.com
notebooklm.google
notebooklm.google.com
notebooklm.googleapis.com
opal.google
opal.google.com
pki.goog
recaptcha.google.com
recaptcha.net
robinfrontend-pa.googleapis.com
themes.googleusercontent.com
waze.com
withgoogle.com

// ── Производители (Samsung/Xiaomi/Honor/...)

cdn.cnbj1.fds.api.mi-img.com
hicloud.com
hihonor.com
hihonorcloud.com
honor-store.com
honor.cn
honor.com
mi.com
miui.com
push.samsungosp.com
samsung.com
samsungcloud.com
samsungknox.com
tecno-mobile.com
transsion.com
vmall.com
xiaomi.com

// ── Разработка ──────────────────────────────

qodana.cloud
qoder.com

// ── GitHub ──────────────────────────────────

atom.io
copilotprodattachments.blob.core.windows.net
default.exp-tas.com
dependabot.com
gh.io
ghcr.io
ghe.com
git.io
github-api.arkoselabs.com
github-cloud.s3.amazonaws.com
github-production-release-asset-2e65be.s3.amazonaws.com
github-production-repository-file-5c1aeb.s3.amazonaws.com
github-production-repository-image-32fea6.s3.amazonaws.com
github-production-upload-manifest-file-7fdce7.s3.amazonaws.com
github-production-user-asset-6210df.s3.amazonaws.com
github.blog
github.com
github.community
github.dev
github.io
githubapp.com
githubassets.com
githubcopilot.com
githubnext.com
githubpreview.dev
githubstatus.com
githubuniverse.com
githubusercontent.com
mavenregistryv2prod.blob.core.windows.net
myoctocat.com
npm.community
npmjs.com
npmjs.org
npmregistryv2prod.blob.core.windows.net
nugetregistryv2prod.blob.core.windows.net
octocaptcha.com
opensource.guide
productionresultssa0.blob.core.windows.net
productionresultssa1.blob.core.windows.net
productionresultssa10.blob.core.windows.net
productionresultssa11.blob.core.windows.net
productionresultssa12.blob.core.windows.net
productionresultssa13.blob.core.windows.net
productionresultssa14.blob.core.windows.net
productionresultssa15.blob.core.windows.net
productionresultssa16.blob.core.windows.net
productionresultssa17.blob.core.windows.net
productionresultssa18.blob.core.windows.net
productionresultssa19.blob.core.windows.net
productionresultssa2.blob.core.windows.net
productionresultssa3.blob.core.windows.net
productionresultssa4.blob.core.windows.net
productionresultssa5.blob.core.windows.net
productionresultssa6.blob.core.windows.net
productionresultssa7.blob.core.windows.net
productionresultssa8.blob.core.windows.net
productionresultssa9.blob.core.windows.net
repo.new
rubygemsregistryv2prod.blob.core.windows.net
thegithubshop.com

// ── Игры (Epic/EA/Blizzard/Bethesda/PS/GOG) ─

3lateral.com
artstation.com
asobostudio.com
battle.net
battlebreakers.com
beth.games
bethesda.net
bethesdagamestudios.com
bethsoft.com
blizzard.com
blizzardgearstore.com
blizzcon-a.akamaihd.net
blz-contentstack.com
blzddist1-a.akamaihd.net
blzddistkr1-a.akamaihd.net
blzmedia-a.akamaihd.net
blznav.akamaized.net
bnetcmsus-a.akamaihd.net
bnetproduct-a.akamaihd.net
bnetshopus.akamaized.net
capturingreality.com
cloudsync-prod.s3.amazonaws.com
cubicmotion.com
dawngate.com
diablo3.com
diabloimmortal.com
doom.com
eac-cdn.com
eastore.com
easyanticheat.net
egdownload.fastly-edge.com
elderscrolls.com
epicbrowser.com
epicgames.com
epicgames.dev
epicgamescdn.com
fab.com
firesidegatherings.com
flightsimulator.com
fortnite-vod.akamaized.net
fortnite.com
forza.net
forzamotorsport.net
forzaracingchampionship.com
forzarc.com
gamepass.com
gog-statics.com
gog.com
heroesofthestorm.com
hyprsense.com
lordofultima.com
origin-a.akamaihd.net
origin.com
origin.tv
orithegame.com
paragon.com
playfab.com
playfabapi.com
playhearthstone.com
playoverwatch.com
playparagon.com
playstation.com
playstation.net
playwarcraft3.com
prodforza.blob.core.windows.net
quixel.com
quixel.se
radgametools.com
realityscan.com
roborecall.com
rtm.tnt-ea.com
seaofthieves.com
shadowcomplex.com
sketchfab.com
sliceonline.com
sonyentertainmentnetwork.com
spyjinx.com
starcraft.com
starcraft2.com
tellmewhygame.com
twinmotion.com
unrealengine.com
unrealtournament.com
wbagora.com
worldofwarcraft.com
xboxgamepass.com
xbx.lv

// ── Мессенджеры (Telegram/Viber/WhatsApp/Signal)

cdn-telegram.org
comments.app
contest.com
fragment.com
graph.org
quiz.directory
signal.art
signal.group
signal.link
signal.me
signal.tube
signalusers.org
t.me
tdesktop.com
telega.one
telegra.ph
telegram.dog
telegram.me
telegram.org
telegram.space
telesco.pe
tg.dev
ton.org
tx.me
usercontent.dev
vbcdn.com
vbcdn.net
viber.co
viber.me
whatsapp-plus.info
whatsapp-plus.me
whatsapp-plus.net
whatsapp.cc
whatsapp.info
whatsapp.org
whatsapp.tv
whatsappbrand.com
whispersystems.org

// ── Соцсети/медиа (Pinterest/Vimeo/Figma/Slack)

agora.io
api.themoviedb.org
figma.com
image.tmdb.org
livestream.com
pin.it
sd-rtn.com
slack-core.com
slack-edge.com
slack-files.com
slack-imgs.com
slack-msgs.com
slack-redir.net
slack.com
slackb.com
slackcertified.com
slackdemo.com
slackhq.com
streamable.com
vhx.tv
vhxqa1.com
vhxqa2.com
vhxqa3.com
vhxqa4.com
vhxqa6.com
vimeo-staging.com
vimeo-staging2.com
vimeo.com
vimeo.fr
vimeobusiness.com
vimeocdn.com
vimeogoods.com
vimeoondemand.com
vimeostatus.com

// ── Мои сайты / разное ──────────────────────

adobe.io
adobe.net
annas-archive.org
babepedia.com
battleye.com
chainreactioncycles.com
dashboard.algolia.com
dashboard.gitguardian.com
downloads.intercomcdn.com
easy.ac
fapello.com
fivetran.com
gofund.me
gonift.com
gtalens.com
httptoolkit.com
idolcomplex.com
intercom.io
joesandbox.com
johan.li
last.fm
mail-api.proton.me
meetup.com
message.style
multisim.com
ni.com
oraclecloud.com
philiascans.org
pixiv.net
rule34.art
rule34.us
rule34.xxx
s-bid.rmp.rakuten.com
sankakuapi.com
sankakucomplex.com
sankakustatic.com
schneider-electric.com
sci-hub.se
se.com
shikimori.one
sms-activate.io
steamgriddb.com
uupdump.com
uupdump.net
vanillatweaks.net
verificationacademy.com
wetransfer.com
xrite.com
ytdown.to

// ── Spotify / TON (geoexport) ──────────────

audio-ak-spotify-com.akamaized.net
audio4-ak-spotify-com.akamaized.net
byspotify.com
cdn-spotify-experiments.conductrics.com
heads-ak-spotify-com.akamaized.net
heads4-ak-spotify-com.akamaized.net
lifeatspotify.com
pscdn.co
scdn.co
spoti.fi
spotify-everywhere.com
spotify.design
spotify.link
spotifycdn.com
spotifycdn.net
spotifycharts.com
spotifycodes.com
spotifyforbrands.com
spotifyforvendors.com
spotifyjobs.com
toncenter.com
tospotify.com

// ── Meta / MS infra (geoexport) ────────────

1drv.com
1drv.ms
a-msedge.net
aspnetcdn.com
atmeta.com
fb.gg
fb.me
fb.watch
fbwat.ch
igcdn.com
live.net
m.me
messenger.com
msauth.net
msedge.net
msftauth.net
msftauthimages.net
msidentity.com
msocsp.com
skype.com
skype.net
skypeassets.com

// RUSSIA INSIDE (itdoginfo/allow-domains)

10minutemail.com
1337x.to
24.kg
4freerussia.org
4pda.to
4pda.ws
4pna.com
5sim.net
7dniv.rv.ua
7tv.app
7tv.io
9tv.co.il
a-vrv.akamaized.net
abercrombie.com
abook-club.ru
academy.terrasoft.ua
activatica.org
adguard-vpn.com
adguard.com
adidas.com
adminforge.de
adobe.com
ads-twitter.com
adultmult.tv
affinity.studio
agents.media
ahrefs.com
ai-chat.bsg.brave.com
aircanada.com
akc.org
all3dp.com
allegro.pl
alphacoders.com
alza.hu
amazfitwatchfaces.com
amdm.ru
amedia.site
amnezia.org
amplitude.com
amx.com
analog.com
andrevi.ch
anidub.com
anilib.me
anilibria.org
anilibria.tv
anilibria.uno
anilibria.wtf
animaunt.org
anime-portal.su
animebest.org
animedia.tv
animego.org
animespirit.ru
anistar.org
anistars.ru
ansys.com
any.do
aol.com
api.jetbrains.ai
api.service-kp.com
apkmirror.com
arbat.media
arc.net
archive.ph
archiveofourown.org
arduino.cc
as6723.net
assets.heroku.com
atlassian.com
atn.ua
att.com
attachments.f95zone.to
atv4.dnskp.cc
audiobookbay.lu
augmentcode.com
autodesk.com
avira.com
azathabar.com
azattyq.org
babook.org
baginya.org
bato.to
bbc.co.uk
bbc.com
bbci.co.uk
bcbits.com
bell-sw.com
bellingcat.com
bestbuy.com
bestchange.ru
bihus.info
bitdefender.com
bitnami.com
blackseanews.net
blinkshot.io
bluehost.com
booktracker.org
boombeachgame.com
boominfo.org
booth.pm
booth.pximg.net
bosch.com
boschaftermarket.com
boschautoparts.com
botnadzor.org
brawlstarsgame.com
broadcom.com
broncosportforum.com
bt4gprx.com
btdig.com
btod.com
buanzo.org
buf.build
bufferbloat.net
builds.parsec.app
buymeacoffee.com
canva.com
canva.dev
capacitorjs.com
capcut.com
carnegieendowment.org
carrefouruae.com
cats.com
cbilling.eu
cbilling.vip
cdn.web-platform.io
cdnbunny.org
cdninstagram.com
cdromance.org
cdw.com
censor.net
censortracker.org
chaos.com
chaturbate.com
cherta.media
chess.com
chesscomfiles.com
chub.ai
cisco.com
cisecurity.org
citrix.com
clamav.net
clashofclans.com
clashroyaleapp.com
clevelandclinic.org
clickup.com
clip.opus.pro
cloudtorrents.com
cms-twdigitalassets.com
cock.li
code.gist.build
codeium.com
codelinaro.org
coingate.com
coinpayments.net
coinsbee.com
coldfilm.city
coldfilm.ink
coldfilm.xyz
colta.ru
connect.ngrok-agent.com
contabo.com
corsair.com
coursera.org
cpu-monkey.com
credly.com
croxyproxy.com
crunchyroll.com
csskor.ill.in.ua
cub.red
currenttime.tv
cursor-cdn.com
cursor.sh
cursorapi.com
cursorinfo.co.il
cvedetails.com
cyberghostvpn.com
cyxymu.info
daemon-tools.cc
dailylviv.com
danbooru.donmai.us
data-cdn.mbamupdates.com
data.cline.bot
deckbrew.xyz
decrypt.day
deepl.com
deepstatemap.live
deezer.com
delfi.lt
delfi.lv
delivery.2d.net.co
dell.com
dellcdn.com
depositphotos.com
designify.com
developer.nvidia.com
devexpress.com
deviantart.com
diabrowser.com
digash.live
digikey.com
digitalcontent.sky
digitalocean.com
discours.io
disctech.com
disneyplus.com
docs.liquibase.com
document360.com
document360.io
dorama.live
doramy.club
dovod.online
doxa.team
dpidetector.org
dreamhost.com
dub.sh
ducati.com
dumka.media
dw.com
dyson.com
e-hentai.org
e621.net
easydmarc.com
echofm.online
editorx.com
edu-cisco.org
ef.com
ef.edu
eggertspiele.de
ekhokavkaza.com
element14.com
elements.envato.com
elevenlabs.io
eneba.com
epidemz.net.co
eporner.com
espreso.tv
etahub.com
etsy.com
euronews.com
europesays.com
euroradio.fm
eutrp.eu
everand.com
exchanger.bits.media
exler.es
expandrive.com
expres.online
extremetech.com
f1.com
f95-zone.to
facebook.com
facebook.net
fansly.com
fast-torrent.club
fast.com
fastpic.org
fb.com
fbcdn.net
fbsbx.com
ficbook.net
filebin.net
filmitorrent.net
filmix.ac
filmix.biz
filmix.day
filmix.fan
filmix.fm
filmix.la
flibusta.is
flibusta.net
flipboard.com
flir.com
flir.eu
flisland.net
flourish.studio
fls.guru
fluke.com
flukenetworks.com
flyertalk.com
fonge.org
footballapi.pulselive.com
force-user-content.com
force.com
forklog.com
formula1.com
fortanga.org
forum.netgate.com
forum.ru-board.com
foxnews.com
framer.app
framer.com
framercanvas.com
framercdn.com
framerstatic.com
framerusercontent.com
freedomletters.org
freeimages.com
freemedia.io
freeones.com
fxnetworks.com
g2a.com
gagadget.com
gamedistribution.com
gamesrepack.com
gamestop.com
gaming.amazon.com
geforcenow.com
gelbooru.com
genspark.ai
geolocation.onetrust.com
germania.one
getoutline.com
getoutline.org
gfn.am
ghostrc.game.idtech.services
gifyu.com
git.new
glavred.info
glavred.net
global.fncstatic.com
glpals.com
godaddy.com
gofile.io
gofundme.com
golosameriki.com
gonitro.com
goodreads.com
gpsonextra.net
gpu-monkey.com
gr-assets.com
grafana.com
grani.ru
graty.me
graylog.org
grizzlysms.com
grok.com
groq.com
groupon.com
guilded.gg
gulagu.net
habr.com
hackernoon.com
hackmd.io
halooglasi.com
hashicorp.com
haydaygame.com
hbomax.com
hc-ping.com
hchk.io
hd-rezka.tv
hdkinoteatr.com
hdrezka.ac
hdrezka.ag
hdrezka.app
hdrezka.me
hdrezka.tech
hdrezka.tv
hdrzk.org
hdstudio.org
healthline.com
hentai-foundry.com
herokucdn.com
hetzner.com
hitomi.la
hollisterco.com
holod.media
home-connect.com
home.by.me
hostgator.com
hostinger.com
hotels.com
housebrand.com
hqporner.com
hromadske.ua
hs.fi
htmhell.dev
hume.ai
hybrid-analysis.com
i.sakh.com
ibm.com
idelreal.org
iditelesombase.org
iedb.org
ig.me
ign.com
iherb.com
iichan.hk
ikea.com
ilook.tv
imgur.com
important-stories.com
incy.cc
indeed.com
indiehackers.com
infineon.com
insearch.site
instagram.com
install.launcher.omniverse.nvidia.com
intel.com
intel.de
intel.nl
interactivebrokers.co.uk
interfax.com.ua
internalfb.com
intuit.com
intuitibits.com
ionos.com
iptv.online
is.fi
istories.media
itch.io
itninja.com
jamf.com
jetbrains.com
jetbrains.space
jetbrains.team
jnn-pa.googleapis.com
jskor.ill.in.ua
jut-su.net
jut.su
kaktus.media
kaleido.ai
kamatera.com
kara.su
kavkaz-uzel.eu
kavkazr.com
keysight.com
kilo.ai
kilocode.ai
kino.pub
kinogo.ec
kinogo.la
kinogo.uk
kinopub.me
kinovod.net
kinozal.guru
kinozal.me
kinozal.tv
kinozaltv.life
klarna.com
kmail-lists.com
knews.kg
knowyourmeme.com
kor.ill.in.ua
korrespondent.net
kovcheg.live
krymr.com
kupujemprodajem.com
kym-cdn.com
lambdalabs.com
lamcdn.net
langdock.com
lantern.io
ldoceonline.com
le-production.tv
leafletjs.com
legalshield.com
lgeapi.com
lgthinq.com
lib.rus.ec
libgen.li
licdn.com
lidarr.audio
lifehacker.com
liga.net
lightning.ai
linear.app
lingq.com
linkedin.com
linktr.ee
livetv.sx
liveuamap.com
locals.md
lolz.guru
lookerstudio.google.com
lostfilm.download
lostfilm.tv
lostfilm.tw
lostfilm.uno
lostfilmtv2.site
lu4.org
lucid.app
lyst.com
magaz.global
mailerlite.com
mailfence.com
mailinator.com
mailo.com
make.com
malwarebytes.com
manga-chan.me
mangadex.org
mangahub.ru
mangapark.net
manus.im
manybooks.net
manyvids.com
marvelsnap.com
mashable.com
mattermost.com
max.com
mediazona.ca
medicalnewstoday.com
medium.com
meduza.io
mega.nz
megapeer.ru
megapeer.vip
merezha.co
meta.com
metacritic.com
metal-archives.com
metla.press
metopera.org
mezha.net
middlewareinventory.com
mignews.com
mintmobile.com
miracleptr.wordpress.com
mixcloud.com
mocogame.com
mongodb.com
monolisa.dev
monoprice.com
more.fm
mouser.com
mouser.fi
mssg.me
mullvad.net
multporn.net
musicbrainz.org
musixmatch.com
mw2.wiki
myanimelist.net
mydoramy.club
myheritage.com
myjetbrains.com
myparallels.com
myqrcode.com
navalny.com
nba.com
neformat.com.ua
neo4j.com
netacad.com
netapp.com
netflix.ca
netflix.com
netflix.net
netflixinvestor.com
netflixtechblog.com
netlify.com
networksolutions.com
new.abb.com
newark.com
news.google.com
newsroom.porsche.com
newsru.co.il
newsru.com
nfl.com
nflxext.com
nflximg.com
nflximg.net
nflxsearch.net
nflxso.net
nflxvideo.net
ngrok.com
nhentai.com
nhentai.net
nhl.com
nih.gov
nike.com
nippon.com
nitropdf.com
nnmclub.to
nnmstatic.win
nordaccount.com
nordcdn.com
nordvpn.com
notepad-plus-plus.org
notion-emojis.s3-us-west-2.amazonaws.com
notion-static.com
notion.com
notion.new
notion.site
notion.so
novaline.fm
novaya.no
novayagazeta.eu
novyny.live
ntc.party
nude-moon.org
nxp.com
obozrevatel.com
ocstore.com
octopus.do
oculus.com
ohmyswift.ru
oi.legal
okx.com
olx.ua
omnissa.com
omv-extras.org
onfastspring.com
onlinesim.io
onshape.com
openh264.org
openmedia.io
openrouter.ai
opensanctions.org
opensea.io
opentrackr.org
opposition-news.com
oracle.com
ovd.info
ovd.legal
ovd.news
ovdinfo.org
ozodi.org
paddle.com
paddlestatus.com
pandasecurity.com
pap.pl
paperpaper.io
parallels.cn
parallels.com
parallels.net
paritydeals.com
patreon.com
patreonusercontent.com
patriot.dp.ua
paywithmoon.com
pb.wtf
pcgamesn.com
pcmag.com
penguin.com
penguinrandomhouse.com
periscope.tv
pexels.com
phncdn.com
phncdn.com.sds.rncdn7.com
pimpletv.ru
pingdom.com
piratbit.top
pixabay.com
pkgs.tailscale.com
platform.activestate.com
playboy.com
plugshare.com
politico.eu
politiken.dk
polymarket.com
pornhub.com
pornhub.org
pornolab.net
portal.lviv.ua
posle.media
posthog.com
postimees.ee
pravda.com
pravda.com.ua
premierleague.com
primark.com
primevideo.com
primevue.org
privatekeys.pw
prnt.sc
proactivebackend-pa.googleapis.com
proekt.media
profitwell.com
pronouns.page
prosleduetmedia.com
prostovpn.org
proton.me
protonvpn.com
provereno.media
prowlarr.com
pscp.tv
psiphon.ca
public.parsec.app
pvpessence.com
qobuz.com
qt.io
qualcomm.com
quicknode.com
quora.com
qwant.com
r4.err.ee
radiojar.com
radiosakharov.org
radiosvoboda.org
rbc.ua
reactflow.dev
realbooru.com
realist.online
recraft.ai
reddxxx.com
redgifs.com
redis.io
redislabs.com
redshieldvpn.com
refactoring.guru
remna.st
remove.bg
render-state.to
rentry.co
rentry.org
research.net
restream.io
reve.art
rezka-ua.in
rezka.ag
rezka.cc
rezka.fi
rezka.my
rezka.tv
rezkify.com
rf.dobrochan.net
rferl.org
rima.media
riperam.org
riseup.net
roar-review.com
root-nation.com
roskomsvoboda.org
rublacklist.net
rus.delfi.ee
rus.jauns.lv
ruscryde.net
rustorka.com
rutor.info
rutor.is
rutor.org
rutracker.cc
rutracker.net
rutracker.org
rutracker.wiki
sakhalin.info
sakharovfoundation.org
salesforce-experience.com
salesforce-hub.com
salesforce-scrt.com
salesforce-setup.com
salesforce-sites.com
salesforce.com
salesforceiq.com
salesforceliveagent.com
sap.com
saverudata.net
sci-hub.st
scrollrevealjs.org
scryde.io
scryde.net
scryde.ru
scryde.world
scryde10.net
scryde11.net
scryde12.net
scryde6.net
scryde7.net
scryde8.net
scryde9.net
sdxcentral.com
searchfloor.org
seasonvar.ru
seconddinnertech.com
selezen.org
semnasem.org
semrush.com
sentry.dev
sentry.io
sephora.com
servarr.com
severreal.org
sfdcopens.com
sharefile.com
sharefile.io
shikimori.me
shinyhardware.co.uk
shiza-project.com
shop.gameloft.com
showip.net
sibreal.org
signal.org
sigsauer.com
simplex.chat
simplex.im
simplix.info
singlekey-id.com
site.com
siteground.com
skat.media
sketchup.com
skiff.com
skladchik.com
sklatchiki.ru
sky.com
skycdp.com
slashlib.me
slavicsac.com
slifki.biz
smartbear.co
smartbear.com
smartdeploy.com
snapgametech.com
snapgene.com
snort.org
snyk.io
sobesednik.com
solarwinds.com
sonara.ai
sophos.com
sotaproject.com
sovetromantica.com
spacelift.io
speedtest.net
spektr.press
spiceworks.com
spiegel.de
spitfireaudio.com
spotify.com
spreadthesign.com
sputnikipogrom.com
squadbustersgame.com
squareup.com
startmail.com
startpage.com
static.lostfilm.top
statology.org
strana.news
strana.today
strava.com
suggestqueries.google.com
supercell.com
supersliv.biz
support.anydesk.com
support.xerox.com
surfshark.com
surveymonkey.com
suspilne.media
svidomi.in.ua
svoboda.org
svoi.kr.ua
svtv.org
swagger.io
swapd.co
swissinfo.ch
synoforum.com
syslog-ng.com
t-invariant.org
t.co
tableau.com
talosintelligence.com
tayga.info
te-st.org
teamviewer.com
techbargains.com
telegraf.by
telegraf.news
telegraph.co.uk
telemetr.io
tellapart.com
tempmail.plus
temu.com
terraform.io
theaudiodb.com
thebarentsobserver.com
thebell.io
theins.press
themoscowtimes.com
themoviedb.org
thepiratebay.org
theporndude.com
thetruestory.news
thetvdb.com
threads.com
threads.net
threema.ch
ti.com
tidal.com
timberland.de
tiptop-vpn.com
tmdb-image-prod.b-cdn.net
tmdb.com
tmdb.org
toolbox.app
torproject.org
torrenteditor.com
torrentgalaxy.to
trae.ai
trailblazer.me
trailhead.com
transferwise.com
trellix.com
tria.ge
trueblackmetalradio.com
truthsocial.com
tsmc.com
turbobit.net
tuta.com
tuta.io
tutanota.com
tvdevinfo.com
tvfreedom.io
tvrain.ru
tvrain.tv
tweetdeck.com
twimg.com
twin.me
twinlife-systems.com
twinme.com
twirpx.com
twitpic.com
twitter.biz
twitter.com
twitter.jp
twittercommunity.com
twitterflightschool.com
twitterinc.com
twitteroauth.com
twitterstat.us
twtrdns.net
twttr.com
twttr.net
twvid.com
typing.com
uaudio.com
ui.ill.in.ua
uizard.io
ukdevilz.com
ukr.net
ukrainer.net
ukrinform.net
ukrtelcdn.net
unian.ua
unscreen.com
unsplash.com
upwork.com
urlr.me
usa.one
usatoday.com
v.vrv.co
vagrantcloud.com
veeam.com
verstka.media
vesma.one
vesma.today
vesty.co.il
viber.com
vice.com
vine.co
vipergirls.to
visualcapitalist.com
vmware.com
vndb.org
voanews.com
vod-fy.crunchyrollcdn.com
voidboost.cc
volkswagen-classic-parts.com
vot-tak.tv
vpngate.net
vpngen.org
vpnlove.me
vpnpay.io
vyos.io
w.atwiki.jp
wa.me
walmart.com
watchguard.com
watermarkremover.io
wbgames.com
wdfiles.com
weather.com
webmd.com
webnames.ca
webtoons.com
weebly.com
welt.de
whatsapp.biz
whatsapp.com
whatsapp.net
widgetapp.stream
wiki.fextralife.com
wikidot.com
wilsoncenter.org
windows10spotlight.com
windsurf.com
wise.com
wonderzine.com
wpengine.com
wunderground.com
x-minus.pro
x.com
xhamster.com
xhamsterlive.com
xhcdn.com
xiaomi.eu
xnxx-cdn.com
xnxx-ru.com
xnxx.com
xnxx.net
xnxx.tv
xnxx3.com
xtracloud.net
xv-ru.com
xvideos-cdn.com
xvideos.com
yande.re
yeggi.com
yle.fi
youtrack.cloud
yummyani.me
zapier.com
zaxid.net
zbigz.com
zedge.net
zendesk.com
zerkalo.io
zerossl.com
zona.media
